// Jest Snapshot v1, https://goo.gl/fbAQLP

exports[`createLinkType create 1`] = `
Object {
  "clusterGroup": NewClass {
    "_initHooksCalled": true,
    "_layers": Object {},
    "options": Object {},
  },
  "linkType": "myType",
  "links": Object {},
}
`;
