// Jest Snapshot v1, https://goo.gl/fbAQLP

exports[`createBoundaryType create 1`] = `
Object {
  "boundaries": Object {},
  "boundaryType": "myType",
  "clusterGroup": NewClass {
    "_initHooksCalled": true,
    "_layers": Object {},
    "options": Object {},
  },
}
`;
